// Jest Snapshot v1, https://goo.gl/fbAQLP

exports[`<DashboardContainer /> tests should render and match the snapshot 1`] = `
<body>
  <div>
    <main
      class="MuiContainer-root MuiContainer-maxWidthLg css-1pokgtz-MuiContainer-root"
    >
      <h1
        class="MuiTypography-root MuiTypography-h5 css-ag7rrr-MuiTypography-root"
      />
      <div />
      <button
        class="MuiButton-root MuiButton-contained MuiButton-containedPrimary MuiButton-sizeMedium MuiButton-containedSizeMedium MuiButtonBase-root  css-11a4262-MuiButtonBase-root-MuiButton-root"
        data-testid="logout-button"
        tabindex="0"
        type="button"
      >
        Sign out
        <span
          class="MuiTouchRipple-root css-8je8zh-MuiTouchRipple-root"
        />
      </button>
    </main>
  </div>
</body>
`;
